25fv47 pass 1.3s
80bau3b pass 1.7s
adlittle pass 0.0s
afiro pass 0.0s
agg pass 0.0s
agg2 pass 0.0s
agg3 pass 0.0s
bandm pass 0.0s
beaconfd pass 0.0s
blend pass 0.0s
bnl1 pass 0.1s
bnl2 pass 1.7s
boeing1 pass 0.0s
boeing2 pass 0.0s
bore3d pass 0.0s
brandy pass 0.0s
capri pass 0.0s
cycle pass 24.5s
czprob pass 0.1s
d2q06c pass 21.9s
d6cube pass 31.8s
degen2 pass 0.1s
degen3 pass 1.8s
dfl001 timeout 895.9s
e226 pass 0.0s
etamacro pass 0.0s
fffff800 pass 0.0s
finnis pass 0.0s
fit1d pass 0.1s
fit1p pass 0.3s
fit2d pass 9.9s
fit2p pass 13.0s
forplan pass 0.0s
ganges pass 0.1s
gfrd-pnc pass 0.0s
greenbea pass 7.5s
greenbeb pass 3.9s
grow15 pass 0.0s
grow22 pass 0.0s
grow7 pass 0.0s
israel pass 0.0s
kb2 pass 0.0s
lotfi pass 0.0s
maros pass 0.2s
maros-r7 pass 3.8s
modszk1 pass 0.1s
nesm pass 0.3s
perold pass 0.4s
pilot pass 786.8s
pilot.ja pass 1.0s
pilot.we highs_failed 0.6s
pilot4 highs_failed 0.1s
pilot87 pass 35.4s
pilotnov pass 0.3s
recipe pass 0.0s
sc105 pass 0.0s
sc205 pass 0.0s
sc50a pass 0.0s
sc50b pass 0.0s
scagr25 pass 0.0s
scagr7 pass 0.0s
scfxm1 pass 0.0s
scfxm2 pass 0.0s
scfxm3 pass 0.1s
scorpion pass 0.0s
scrs8 pass 0.0s
scsd1 pass 0.0s
scsd6 pass 0.0s
scsd8 pass 0.1s
sctap1 pass 0.0s
sctap2 pass 0.1s
sctap3 pass 0.2s
seba pass 0.0s
share1b pass 0.0s
share2b pass 0.0s
shell pass 0.0s
ship04l pass 0.0s
ship04s pass 0.0s
ship08l pass 0.1s
ship08s pass 0.0s
ship12l pass 0.1s
ship12s pass 0.1s
sierra pass 0.0s
stair pass 0.0s
standata pass 0.0s
standgub pass 0.0s
standmps pass 0.0s
stocfor1 pass 0.0s
stocfor2 pass 0.2s
tuff pass 0.0s
vtp.base pass 0.0s
wood1p pass 0.1s
woodw pass 0.4s
truss pass 8.1s

PROTOCOL 60s | PASSES 90/94 (denominator 93 when all cases run) | LOST vs v23 [] | GAINED vs v23 ['80bau3b', 'cycle', 'd2q06c', 'd6cube', 'degen2', 'degen3', 'fit2d', 'fit2p', 'greenbea', 'greenbeb', 'maros', 'perold', 'pilot', 'pilot.ja', 'pilot87', 'pilotnov', 'woodw'] | WRONG ANSWERS []
STRICT line (row/bound<=1e-8, obj rel<=1e-8; reported, not the pass rule): 88 / 90 of passes
EXTRA (outside denominator): truss pass
RERUN RULE: a LOST case is real only after a rerun; v23 varied 73/73/73/74 on Kaggle.
max row viol 2.8599515644600615e-08 max bound viol 4.4102730125903145e-11
GATE GREEN
