25fv47 pass 0.564
80bau3b pass 0.657
adlittle pass 0.005
afiro pass 0.004
agg pass 0.017
agg2 pass 0.025
agg3 pass 0.023
bandm pass 0.042
beaconfd pass 0.011
blend pass 0.006
bnl1 pass 0.129
bnl2 pass 0.454
boeing1 pass 0.036
boeing2 pass 0.01
bore3d pass 0.012
brandy pass 0.022
capri pass 0.016
cycle pass 0.449
czprob pass 0.158
d2q06c pass 3.507
d6cube pass 0.212
degen2 pass 0.058
degen3 pass 0.801
dfl001 pass 38.163
e226 pass 0.04
etamacro pass 0.062
fffff800 pass 0.11
finnis pass 0.023
fit1d pass 0.024
fit1p pass 0.158
fit2d pass 0.4
fit2p pass 6.272
forplan pass 0.027
ganges pass 0.127
gfrd-pnc pass 0.036
greenbea pass 2.539
greenbeb pass 3.565
grow15 pass 0.166
grow22 pass 0.376
grow7 pass 0.024
israel pass 0.018
kb2 pass 0.005
lotfi pass 0.013
maros pass 0.314
maros-r7 pass 11.019
modszk1 pass 0.058
nesm pass 0.288
perold pass 0.272
pilot pass 3.303
pilot.ja pass 0.55
pilot.we pass 0.498
pilot4 pass 0.095
pilot87 pass 14.147
pilotnov pass 0.289
recipe pass 0.005
sc105 pass 0.007
sc205 pass 0.013
sc50a pass 0.005
sc50b pass 0.005
scagr25 pass 0.033
scagr7 pass 0.01
scfxm1 pass 0.029
scfxm2 pass 0.092
scfxm3 pass 0.168
scorpion pass 0.017
scrs8 pass 0.043
scsd1 pass 0.01
scsd6 pass 0.026
scsd8 pass 0.133
sctap1 pass 0.021
sctap2 pass 0.056
sctap3 pass 0.098
seba pass 0.024
share1b pass 0.011
share2b pass 0.007
shell pass 0.035
ship04l pass 0.029
ship04s pass 0.023
ship08l pass 0.065
ship08s pass 0.044
ship12l pass 0.125
ship12s pass 0.089
sierra pass 0.059
stair pass 0.047
standata pass 0.012
standgub pass 0.012
standmps pass 0.018
stocfor1 pass 0.007
stocfor2 pass 0.375
tuff pass 0.023
vtp.base pass 0.011
wood1p pass 0.259
woodw pass 1.066
RUN fallback_log_dual | cap 60.0 s | PASSES 91/93 | STRICT 90/91 | WRONG [] | NOT PASSING {'pilot.we': 'pass', 'pilot4': 'pass'}
max row viol 6.137764785307809e-08 max bound viol 3.2839730934597355e-11
GATE_DONE fallback_log_dual
