25fv47 pass 1.077
80bau3b pass 2.594
adlittle pass 0.005
afiro pass 0.004
agg pass 0.016
agg2 pass 0.021
agg3 pass 0.02
bandm pass 0.059
beaconfd pass 0.013
blend pass 0.006
bnl1 pass 0.19
bnl2 pass 2.299
boeing1 pass 0.054
boeing2 pass 0.01
bore3d pass 0.012
brandy pass 0.025
capri pass 0.027
cycle pass 3.484
czprob pass 0.248
d2q06c pass 9.03
d6cube pass 6.783
degen2 pass 0.139
degen3 pass 2.918
dfl001 pass 48.881
e226 pass 0.04
etamacro pass 0.055
fffff800 pass 0.102
finnis pass 0.041
fit1d pass 0.075
fit1p pass 0.353
fit2d pass 5.734
fit2p pass 18.099
forplan pass 0.032
ganges pass 0.175
gfrd-pnc pass 0.058
greenbea pass 5.943
greenbeb pass 4.578
grow15 pass 0.113
grow22 pass 0.252
grow7 pass 0.027
israel pass 0.02
kb2 pass 0.005
lotfi pass 0.014
maros pass 0.754
maros-r7 pass 7.197
modszk1 pass 0.197
nesm pass 0.748
perold pass 0.999
pilot pass 11.887
pilot.ja pass 5.429
pilot.we pass 1.418
pilot4 pass 0.356
pilot87 pass 27.013
pilotnov pass 2.373
recipe pass 0.005
sc105 pass 0.006
sc205 pass 0.014
sc50a pass 0.004
sc50b pass 0.004
scagr25 pass 0.062
scagr7 pass 0.007
scfxm1 pass 0.04
scfxm2 pass 0.107
scfxm3 pass 0.229
scorpion pass 0.021
scrs8 pass 0.053
scsd1 pass 0.017
scsd6 pass 0.039
scsd8 pass 0.078
sctap1 pass 0.023
sctap2 pass 0.219
sctap3 pass 0.301
seba pass 0.055
share1b pass 0.013
share2b pass 0.007
shell pass 0.051
ship04l pass 0.06
ship04s pass 0.034
ship08l pass 0.16
ship08s pass 0.07
ship12l pass 0.363
ship12s pass 0.146
sierra pass 0.101
stair pass 0.083
standata pass 0.015
standgub pass 0.013
standmps pass 0.031
stocfor1 pass 0.007
stocfor2 pass 0.674
tuff pass 0.1
vtp.base pass 0.016
wood1p pass 0.285
woodw pass 0.843
RUN fallback_log_primal | cap 60.0 s | PASSES 91/93 | STRICT 90/91 | WRONG [] | NOT PASSING {'pilot.we': 'pass', 'pilot4': 'pass'}
max row viol 1.4569309314538259e-08 max bound viol 9.626432984077837e-10
GATE_DONE fallback_log_primal
