[18:57:25] s1 air03: optimal / ref kOptimal -> proven_agree
[19:01:19] s1 air05: optimal / ref kOptimal -> proven_agree
[19:02:28] s1 bell3a: optimal / ref kOptimal -> proven_agree
[19:03:01] s1 blend2: optimal / ref kOptimal -> proven_agree
[19:13:01] s1 dano3mip: time_limit / ref kTimeLimit -> other
[19:13:21] s1 dcmulti: optimal / ref kOptimal -> proven_agree
[19:14:02] s1 egout: optimal / ref kOptimal -> proven_agree
[19:24:03] s1 fast0507: time_limit / ref kTimeLimit -> other
[19:29:08] s1 fixnet6: time_limit / ref kOptimal -> incumbent_below_ref
[19:29:58] s1 gen: optimal / ref kOptimal -> proven_agree
[19:35:00] s1 gesa2_o: time_limit / ref kOptimal -> incumbent_below_ref
[19:40:04] s1 gesa3_o: time_limit / ref kOptimal -> other
[19:40:51] s1 harp2: node_limit / ref kOptimal -> incumbent_below_ref
[19:41:10] s1 l152lav: optimal / ref kOptimal -> proven_agree
[19:48:23] s1 markshare1: node_limit / ref kTimeLimit -> other
[19:54:28] s1 mas74: node_limit / ref kTimeLimit -> other
[19:54:30] s1 misc03: optimal / ref kOptimal -> proven_agree
[19:58:07] s1 misc07: optimal / ref kOptimal -> proven_agree
[20:06:51] s1 mkc: node_limit / ref kTimeLimit -> other
[20:06:58] s1 mod010: optimal / ref kOptimal -> proven_agree
[20:11:59] s1 modglob: time_limit / ref kOptimal -> incumbent_below_ref
[20:14:45] s1 nw04: node_limit / ref kOptimal -> value_reached_unproven
[20:14:49] s1 p0201: optimal / ref kOptimal -> proven_agree
[20:19:50] s1 p0548: time_limit / ref kOptimal -> incumbent_below_ref
[20:28:18] s1 pk1: optimal / ref kOptimal -> proven_agree
[20:33:21] s1 pp08aCUTS: time_limit / ref kOptimal -> incumbent_below_ref
[20:33:54] s1 qnet1: optimal / ref kOptimal -> proven_agree
[20:36:20] s1 rentacar: optimal / ref kOptimal -> proven_agree
[20:42:26] s1 rout: time_limit / ref kOptimal -> incumbent_below_ref
[20:52:26] s1 seymour: time_limit / ref kTimeLimit -> other
[20:56:46] s1 stein45: optimal / ref kOptimal -> proven_agree
[21:01:47] s1 vpm1: time_limit / ref kOptimal -> value_reached_unproven
SHARD_COMPLETE
