[19:02:20] s0 10teams: time_limit / ref kOptimal -> value_reached_unproven
[19:08:49] s0 air04: time_limit / ref kOptimal -> value_reached_unproven
[19:18:49] s0 arki001: time_limit / ref kTimeLimit -> other
[19:23:35] s0 bell5: optimal / ref kOptimal -> proven_agree
[19:24:28] s0 cap6000: node_limit / ref kOptimal -> incumbent_below_ref
[19:34:28] s0 danoint: time_limit / ref kTimeLimit -> other
[19:35:46] s0 dsbmip: optimal / ref kOptimal -> proven_agree
[19:35:46] s0 enigma: optimal / ref kOptimal -> proven_agree
[19:37:48] s0 fiber: node_limit / ref kOptimal -> incumbent_below_ref
[19:37:48] s0 flugpl: optimal / ref kOptimal -> proven_agree
[19:42:49] s0 gesa2: time_limit / ref kOptimal -> incumbent_below_ref
[19:47:53] s0 gesa3: time_limit / ref kOptimal -> incumbent_below_ref
[19:48:07] s0 gt2: optimal / ref kOptimal -> proven_agree
[19:48:10] s0 khb05250: optimal / ref kOptimal -> proven_agree
[19:48:14] s0 lseu: optimal / ref kOptimal -> proven_agree
[19:54:30] s0 markshare2: node_limit / ref kTimeLimit -> other
[20:00:55] s0 mas76: optimal / ref kOptimal -> proven_agree
[20:00:57] s0 misc06: optimal / ref kOptimal -> WRONG_DISAGREE
[20:05:59] s0 mitre: time_limit / ref kOptimal -> other
[20:06:01] s0 mod008: optimal / ref kOptimal -> proven_agree
[20:12:40] s0 mod011: time_limit / ref kOptimal -> incumbent_below_ref
[20:20:18] s0 noswot: time_limit / ref kOptimal -> incumbent_below_ref
[20:20:18] s0 p0033: optimal / ref kOptimal -> proven_agree
[20:20:20] s0 p0282: optimal / ref kOptimal -> proven_agree
[20:24:54] s0 p2756: node_limit / ref kOptimal -> incumbent_below_ref
[20:29:57] s0 pp08a: time_limit / ref kOptimal -> incumbent_below_ref
[20:37:19] s0 qiu: time_limit / ref kOptimal -> value_reached_unproven
[20:37:46] s0 qnet1_o: optimal / ref kOptimal -> proven_agree
[20:37:48] s0 rgn: optimal / ref kOptimal -> proven_agree
[20:42:49] s0 set1ch: time_limit / ref kOptimal -> incumbent_below_ref
[20:42:57] s0 stein27: optimal / ref kOptimal -> proven_agree
[20:49:43] s0 swath: node_limit / ref kTimeLimit -> other
[20:54:46] s0 vpm2: time_limit / ref kOptimal -> incumbent_below_ref
SHARD_COMPLETE
