25fv47 pass 0.502
80bau3b pass 0.531
adlittle pass 0.005
afiro pass 0.003
agg pass 0.014
agg2 pass 0.019
agg3 pass 0.019
bandm pass 0.038
beaconfd pass 0.01
blend pass 0.005
bnl1 pass 0.109
bnl2 pass 0.408
boeing1 pass 0.033
boeing2 pass 0.009
bore3d pass 0.011
brandy pass 0.019
capri pass 0.015
cycle pass 0.391
czprob pass 0.15
d2q06c pass 3.121
d6cube pass 0.186
degen2 pass 0.048
degen3 pass 0.713
dfl001 pass 32.173
e226 pass 0.033
etamacro pass 0.061
fffff800 pass 0.099
finnis pass 0.022
fit1d pass 0.02
fit1p pass 0.144
fit2d pass 0.359
fit2p pass 5.51
forplan pass 0.025
ganges pass 0.125
gfrd-pnc pass 0.033
greenbea pass 2.329
greenbeb pass 3.217
grow15 pass 0.151
grow22 pass 0.325
grow7 pass 0.021
israel pass 0.017
kb2 pass 0.004
lotfi pass 0.011
maros pass 0.319
maros-r7 pass 9.314
modszk1 pass 0.052
nesm pass 0.271
perold pass 0.208
pilot pass 2.974
pilot.ja pass 0.529
pilot.we pass 0.481
pilot4 pass 0.085
pilot87 pass 12.801
pilotnov pass 0.265
recipe pass 0.005
sc105 pass 0.006
sc205 pass 0.011
sc50a pass 0.004
sc50b pass 0.004
scagr25 pass 0.031
scagr7 pass 0.008
scfxm1 pass 0.025
scfxm2 pass 0.086
scfxm3 pass 0.155
scorpion pass 0.016
scrs8 pass 0.038
scsd1 pass 0.009
scsd6 pass 0.023
scsd8 pass 0.127
sctap1 pass 0.019
sctap2 pass 0.055
sctap3 pass 0.09
seba pass 0.023
share1b pass 0.011
share2b pass 0.007
shell pass 0.032
ship04l pass 0.023
ship04s pass 0.021
ship08l pass 0.058
ship08s pass 0.043
ship12l pass 0.103
ship12s pass 0.078
sierra pass 0.053
stair pass 0.043
standata pass 0.011
standgub pass 0.011
standmps pass 0.016
stocfor1 pass 0.006
stocfor2 pass 0.347
tuff pass 0.022
vtp.base pass 0.01
wood1p pass 0.267
woodw pass 0.968
RUN fallback_log_dual | cap 60.0 s | PASSES 91/93 | STRICT 90/91 | WRONG [] | NOT PASSING {'pilot.we': 'pass', 'pilot4': 'pass'}
max row viol 6.137764785307809e-08 max bound viol 3.2839730934597355e-11
GATE_DONE fallback_log_dual
