25fv47 pass 1.014
80bau3b pass 2.59
adlittle pass 0.005
afiro pass 0.004
agg pass 0.015
agg2 pass 0.019
agg3 pass 0.019
bandm pass 0.056
beaconfd pass 0.011
blend pass 0.005
bnl1 pass 0.186
bnl2 pass 2.26
boeing1 pass 0.051
boeing2 pass 0.01
bore3d pass 0.012
brandy pass 0.025
capri pass 0.026
cycle pass 3.257
czprob pass 0.242
d2q06c pass 8.441
d6cube pass 6.359
degen2 pass 0.122
degen3 pass 2.706
dfl001 pass 44.213
e226 pass 0.038
etamacro pass 0.057
fffff800 pass 0.1
finnis pass 0.039
fit1d pass 0.072
fit1p pass 0.338
fit2d pass 5.242
fit2p pass 17.366
forplan pass 0.032
ganges pass 0.17
gfrd-pnc pass 0.053
greenbea pass 5.37
greenbeb pass 4.162
grow15 pass 0.102
grow22 pass 0.228
grow7 pass 0.022
israel pass 0.015
kb2 pass 0.004
lotfi pass 0.012
maros pass 0.676
maros-r7 pass 6.656
modszk1 pass 0.19
nesm pass 0.707
perold pass 0.933
pilot pass 10.852
pilot.ja pass 5.01
pilot.we pass 1.377
pilot4 pass 0.337
pilot87 pass 24.854
pilotnov pass 2.135
recipe pass 0.004
sc105 pass 0.005
sc205 pass 0.013
sc50a pass 0.003
sc50b pass 0.004
scagr25 pass 0.052
scagr7 pass 0.007
scfxm1 pass 0.035
scfxm2 pass 0.099
scfxm3 pass 0.205
scorpion pass 0.019
scrs8 pass 0.049
scsd1 pass 0.014
scsd6 pass 0.035
scsd8 pass 0.066
sctap1 pass 0.021
sctap2 pass 0.192
sctap3 pass 0.284
seba pass 0.048
share1b pass 0.012
share2b pass 0.006
shell pass 0.046
ship04l pass 0.053
ship04s pass 0.032
ship08l pass 0.148
ship08s pass 0.064
ship12l pass 0.326
ship12s pass 0.138
sierra pass 0.089
stair pass 0.074
standata pass 0.012
standgub pass 0.012
standmps pass 0.031
stocfor1 pass 0.006
stocfor2 pass 0.582
tuff pass 0.101
vtp.base pass 0.013
wood1p pass 0.244
woodw pass 0.781
RUN fallback_log_primal | cap 60.0 s | PASSES 91/93 | STRICT 90/91 | WRONG [] | NOT PASSING {'pilot.we': 'pass', 'pilot4': 'pass'}
max row viol 1.4569309314538259e-08 max bound viol 9.626432984077837e-10
GATE_DONE fallback_log_primal
